// Jest Snapshot v1, https://goo.gl/fbAQLP

exports[`should render ExpenseListItem with expense 1`] = `
<div>
  <Link
    replace={false}
    to="/edit/2"
  >
    <h4>
      Rent
    </h4>
  </Link>
  <p>
    Â£1,095.00
    -
    28 December 1969
  </p>
</div>
`;
